Frozen dataset: /root/CLEAR_run/data/arguments_only/dataset_arguments_only_20260722.jsonl
Evidence policy: args_only (generated supporting/refuting/gap arguments only; raw sources hidden)
Jobs selected: 16
[RUN ] racl_tune racl_nf_no_racl_w2c4_s0: /root/claimarc_venv/bin/python -m models.train --dataset /root/CLEAR_run/data/arguments_only/dataset_arguments_only_20260722.jsonl --tag racl_nf_no_racl_w2c4 --seed 0 --warmup 2 --cl_epochs 4 --bs 12 --accum 3 --loss bce --lambda_cl 0.0 --tau 0.1 --Kp 3 --Kn 5 --encoder_name /root/modelscope_cache/AI-ModelScope/bge-large-zh-v1___5 --enc_train full --lr 1e-5 --cl_no_attr_block --cl_class_balanced --evidence_policy args_only --validation_only --no_fusion --no_cl
[RUN ] racl_tune racl_nf_no_racl_w2c4_s1: /root/claimarc_venv/bin/python -m models.train --dataset /root/CLEAR_run/data/arguments_only/dataset_arguments_only_20260722.jsonl --tag racl_nf_no_racl_w2c4 --seed 1 --warmup 2 --cl_epochs 4 --bs 12 --accum 3 --loss bce --lambda_cl 0.0 --tau 0.1 --Kp 3 --Kn 5 --encoder_name /root/modelscope_cache/AI-ModelScope/bge-large-zh-v1___5 --enc_train full --lr 1e-5 --cl_no_attr_block --cl_class_balanced --evidence_policy args_only --validation_only --no_fusion --no_cl
[RUN ] racl_tune racl_nf_no_racl_w2c4_s2: /root/claimarc_venv/bin/python -m models.train --dataset /root/CLEAR_run/data/arguments_only/dataset_arguments_only_20260722.jsonl --tag racl_nf_no_racl_w2c4 --seed 2 --warmup 2 --cl_epochs 4 --bs 12 --accum 3 --loss bce --lambda_cl 0.0 --tau 0.1 --Kp 3 --Kn 5 --encoder_name /root/modelscope_cache/AI-ModelScope/bge-large-zh-v1___5 --enc_train full --lr 1e-5 --cl_no_attr_block --cl_class_balanced --evidence_policy args_only --validation_only --no_fusion --no_cl
[RUN ] racl_tune racl_nf_racl_global_l010_t010_k3_5_w2c4_s0: /root/claimarc_venv/bin/python -m models.train --dataset /root/CLEAR_run/data/arguments_only/dataset_arguments_only_20260722.jsonl --tag racl_nf_racl_global_l010_t010_k3_5_w2c4 --seed 0 --warmup 2 --cl_epochs 4 --bs 12 --accum 3 --loss bce --lambda_cl 0.1 --tau 0.1 --Kp 3 --Kn 5 --encoder_name /root/modelscope_cache/AI-ModelScope/bge-large-zh-v1___5 --enc_train full --lr 1e-5 --cl_no_attr_block --cl_class_balanced --evidence_policy args_only --validation_only --no_fusion --cl_exclude_self
[RUN ] racl_tune racl_nf_racl_global_l010_t010_k3_5_w2c4_s1: /root/claimarc_venv/bin/python -m models.train --dataset /root/CLEAR_run/data/arguments_only/dataset_arguments_only_20260722.jsonl --tag racl_nf_racl_global_l010_t010_k3_5_w2c4 --seed 1 --warmup 2 --cl_epochs 4 --bs 12 --accum 3 --loss bce --lambda_cl 0.1 --tau 0.1 --Kp 3 --Kn 5 --encoder_name /root/modelscope_cache/AI-ModelScope/bge-large-zh-v1___5 --enc_train full --lr 1e-5 --cl_no_attr_block --cl_class_balanced --evidence_policy args_only --validation_only --no_fusion --cl_exclude_self
[RUN ] racl_tune racl_nf_racl_global_l010_t010_k3_5_w2c4_s2: /root/claimarc_venv/bin/python -m models.train --dataset /root/CLEAR_run/data/arguments_only/dataset_arguments_only_20260722.jsonl --tag racl_nf_racl_global_l010_t010_k3_5_w2c4 --seed 2 --warmup 2 --cl_epochs 4 --bs 12 --accum 3 --loss bce --lambda_cl 0.1 --tau 0.1 --Kp 3 --Kn 5 --encoder_name /root/modelscope_cache/AI-ModelScope/bge-large-zh-v1___5 --enc_train full --lr 1e-5 --cl_no_attr_block --cl_class_balanced --evidence_policy args_only --validation_only --no_fusion --cl_exclude_self
[RUN ] racl_tune racl_nf_racl_attr_l010_t010_k3_5_w2c4_s0: /root/claimarc_venv/bin/python -m models.train --dataset /root/CLEAR_run/data/arguments_only/dataset_arguments_only_20260722.jsonl --tag racl_nf_racl_attr_l010_t010_k3_5_w2c4 --seed 0 --warmup 2 --cl_epochs 4 --bs 12 --accum 3 --loss bce --lambda_cl 0.1 --tau 0.1 --Kp 3 --Kn 5 --encoder_name /root/modelscope_cache/AI-ModelScope/bge-large-zh-v1___5 --enc_train full --lr 1e-5 --cl_class_balanced --evidence_policy args_only --validation_only --no_fusion --cl_exclude_self
[RUN ] racl_tune racl_nf_racl_attr_l010_t010_k3_5_w2c4_s1: /root/claimarc_venv/bin/python -m models.train --dataset /root/CLEAR_run/data/arguments_only/dataset_arguments_only_20260722.jsonl --tag racl_nf_racl_attr_l010_t010_k3_5_w2c4 --seed 1 --warmup 2 --cl_epochs 4 --bs 12 --accum 3 --loss bce --lambda_cl 0.1 --tau 0.1 --Kp 3 --Kn 5 --encoder_name /root/modelscope_cache/AI-ModelScope/bge-large-zh-v1___5 --enc_train full --lr 1e-5 --cl_class_balanced --evidence_policy args_only --validation_only --no_fusion --cl_exclude_self
[RUN ] racl_tune racl_nf_racl_attr_l010_t010_k3_5_w2c4_s2: /root/claimarc_venv/bin/python -m models.train --dataset /root/CLEAR_run/data/arguments_only/dataset_arguments_only_20260722.jsonl --tag racl_nf_racl_attr_l010_t010_k3_5_w2c4 --seed 2 --warmup 2 --cl_epochs 4 --bs 12 --accum 3 --loss bce --lambda_cl 0.1 --tau 0.1 --Kp 3 --Kn 5 --encoder_name /root/modelscope_cache/AI-ModelScope/bge-large-zh-v1___5 --enc_train full --lr 1e-5 --cl_class_balanced --evidence_policy args_only --validation_only --no_fusion --cl_exclude_self
[RUN ] racl_tune racl_nf_racl_attr_l005_t015_k3_5_w2c4_s0: /root/claimarc_venv/bin/python -m models.train --dataset /root/CLEAR_run/data/arguments_only/dataset_arguments_only_20260722.jsonl --tag racl_nf_racl_attr_l005_t015_k3_5_w2c4 --seed 0 --warmup 2 --cl_epochs 4 --bs 12 --accum 3 --loss bce --lambda_cl 0.05 --tau 0.15 --Kp 3 --Kn 5 --encoder_name /root/modelscope_cache/AI-ModelScope/bge-large-zh-v1___5 --enc_train full --lr 1e-5 --cl_class_balanced --evidence_policy args_only --validation_only --no_fusion --cl_exclude_self
[RUN ] racl_tune racl_nf_racl_attr_l005_t015_k3_5_w2c4_s1: /root/claimarc_venv/bin/python -m models.train --dataset /root/CLEAR_run/data/arguments_only/dataset_arguments_only_20260722.jsonl --tag racl_nf_racl_attr_l005_t015_k3_5_w2c4 --seed 1 --warmup 2 --cl_epochs 4 --bs 12 --accum 3 --loss bce --lambda_cl 0.05 --tau 0.15 --Kp 3 --Kn 5 --encoder_name /root/modelscope_cache/AI-ModelScope/bge-large-zh-v1___5 --enc_train full --lr 1e-5 --cl_class_balanced --evidence_policy args_only --validation_only --no_fusion --cl_exclude_self
[RUN ] racl_tune racl_nf_racl_attr_l005_t015_k3_5_w2c4_s2: /root/claimarc_venv/bin/python -m models.train --dataset /root/CLEAR_run/data/arguments_only/dataset_arguments_only_20260722.jsonl --tag racl_nf_racl_attr_l005_t015_k3_5_w2c4 --seed 2 --warmup 2 --cl_epochs 4 --bs 12 --accum 3 --loss bce --lambda_cl 0.05 --tau 0.15 --Kp 3 --Kn 5 --encoder_name /root/modelscope_cache/AI-ModelScope/bge-large-zh-v1___5 --enc_train full --lr 1e-5 --cl_class_balanced --evidence_policy args_only --validation_only --no_fusion --cl_exclude_self
[RUN ] racl_tune racl_nf_racl_attr_l010_t010_k1_5_w2c4_s0: /root/claimarc_venv/bin/python -m models.train --dataset /root/CLEAR_run/data/arguments_only/dataset_arguments_only_20260722.jsonl --tag racl_nf_racl_attr_l010_t010_k1_5_w2c4 --seed 0 --warmup 2 --cl_epochs 4 --bs 12 --accum 3 --loss bce --lambda_cl 0.1 --tau 0.1 --Kp 1 --Kn 5 --encoder_name /root/modelscope_cache/AI-ModelScope/bge-large-zh-v1___5 --enc_train full --lr 1e-5 --cl_class_balanced --evidence_policy args_only --validation_only --no_fusion --cl_exclude_self
[RUN ] racl_tune racl_nf_racl_attr_l010_t010_k1_5_w2c4_s1: /root/claimarc_venv/bin/python -m models.train --dataset /root/CLEAR_run/data/arguments_only/dataset_arguments_only_20260722.jsonl --tag racl_nf_racl_attr_l010_t010_k1_5_w2c4 --seed 1 --warmup 2 --cl_epochs 4 --bs 12 --accum 3 --loss bce --lambda_cl 0.1 --tau 0.1 --Kp 1 --Kn 5 --encoder_name /root/modelscope_cache/AI-ModelScope/bge-large-zh-v1___5 --enc_train full --lr 1e-5 --cl_class_balanced --evidence_policy args_only --validation_only --no_fusion --cl_exclude_self
[RUN ] racl_tune racl_nf_racl_attr_l010_t010_k1_5_w2c4_s2: /root/claimarc_venv/bin/python -m models.train --dataset /root/CLEAR_run/data/arguments_only/dataset_arguments_only_20260722.jsonl --tag racl_nf_racl_attr_l010_t010_k1_5_w2c4 --seed 2 --warmup 2 --cl_epochs 4 --bs 12 --accum 3 --loss bce --lambda_cl 0.1 --tau 0.1 --Kp 1 --Kn 5 --encoder_name /root/modelscope_cache/AI-ModelScope/bge-large-zh-v1___5 --enc_train full --lr 1e-5 --cl_class_balanced --evidence_policy args_only --validation_only --no_fusion --cl_exclude_self
[RUN ] racl_tune select_racl_no_fusion: /root/claimarc_venv/bin/python /root/CLEAR_run/scripts/select_racl_no_fusion.py --config /root/CLEAR_run/configs/racl_no_fusion_attr_refine_v3.json --result-root /root/CLEAR_run/results/arguments_only_no_fusion_racl_attr_refine_v3 --output /root/CLEAR_run/results/arguments_only_no_fusion_racl_attr_refine_v3/racl_no_fusion_selection.json
[1/16] run racl_nf_no_racl_w2c4_s0
[2/16] run racl_nf_no_racl_w2c4_s1
[3/16] run racl_nf_no_racl_w2c4_s2
[4/16] run racl_nf_racl_global_l010_t010_k3_5_w2c4_s0
[5/16] run racl_nf_racl_global_l010_t010_k3_5_w2c4_s1
[6/16] run racl_nf_racl_global_l010_t010_k3_5_w2c4_s2
[7/16] run racl_nf_racl_attr_l010_t010_k3_5_w2c4_s0
[8/16] run racl_nf_racl_attr_l010_t010_k3_5_w2c4_s1
[9/16] run racl_nf_racl_attr_l010_t010_k3_5_w2c4_s2
[10/16] run racl_nf_racl_attr_l005_t015_k3_5_w2c4_s0
[11/16] run racl_nf_racl_attr_l005_t015_k3_5_w2c4_s1
[12/16] run racl_nf_racl_attr_l005_t015_k3_5_w2c4_s2
[13/16] run racl_nf_racl_attr_l010_t010_k1_5_w2c4_s0
[14/16] run racl_nf_racl_attr_l010_t010_k1_5_w2c4_s1
[15/16] run racl_nf_racl_attr_l010_t010_k1_5_w2c4_s2
[16/16] run select_racl_no_fusion
