Frozen dataset: /root/CLEAR_run/data/arguments_only/dataset_arguments_only_20260722.jsonl
Evidence policy: args_only (generated supporting/refuting/gap arguments only; raw sources hidden)
Jobs selected: 19
[RUN ] racl_tune racl_nf_no_racl_s0: /root/claimarc_venv/bin/python -m models.train --dataset /root/CLEAR_run/data/arguments_only/dataset_arguments_only_20260722.jsonl --tag racl_nf_no_racl --seed 0 --warmup 3 --cl_epochs 6 --bs 12 --accum 3 --loss bce --lambda_cl 0.0 --tau 0.07 --Kp 3 --Kn 5 --encoder_name /root/modelscope_cache/AI-ModelScope/bge-large-zh-v1___5 --enc_train full --lr 1e-5 --cl_no_attr_block --cl_class_balanced --evidence_policy args_only --validation_only --no_fusion --no_cl
[RUN ] racl_tune racl_nf_no_racl_s1: /root/claimarc_venv/bin/python -m models.train --dataset /root/CLEAR_run/data/arguments_only/dataset_arguments_only_20260722.jsonl --tag racl_nf_no_racl --seed 1 --warmup 3 --cl_epochs 6 --bs 12 --accum 3 --loss bce --lambda_cl 0.0 --tau 0.07 --Kp 3 --Kn 5 --encoder_name /root/modelscope_cache/AI-ModelScope/bge-large-zh-v1___5 --enc_train full --lr 1e-5 --cl_no_attr_block --cl_class_balanced --evidence_policy args_only --validation_only --no_fusion --no_cl
[RUN ] racl_tune racl_nf_no_racl_s2: /root/claimarc_venv/bin/python -m models.train --dataset /root/CLEAR_run/data/arguments_only/dataset_arguments_only_20260722.jsonl --tag racl_nf_no_racl --seed 2 --warmup 3 --cl_epochs 6 --bs 12 --accum 3 --loss bce --lambda_cl 0.0 --tau 0.07 --Kp 3 --Kn 5 --encoder_name /root/modelscope_cache/AI-ModelScope/bge-large-zh-v1___5 --enc_train full --lr 1e-5 --cl_no_attr_block --cl_class_balanced --evidence_policy args_only --validation_only --no_fusion --no_cl
[RUN ] racl_tune racl_nf_racl_legacy_l050_t007_s0: /root/claimarc_venv/bin/python -m models.train --dataset /root/CLEAR_run/data/arguments_only/dataset_arguments_only_20260722.jsonl --tag racl_nf_racl_legacy_l050_t007 --seed 0 --warmup 3 --cl_epochs 6 --bs 12 --accum 3 --loss bce --lambda_cl 0.5 --tau 0.07 --Kp 3 --Kn 5 --encoder_name /root/modelscope_cache/AI-ModelScope/bge-large-zh-v1___5 --enc_train full --lr 1e-5 --cl_no_attr_block --cl_class_balanced --evidence_policy args_only --validation_only --no_fusion
[RUN ] racl_tune racl_nf_racl_legacy_l050_t007_s1: /root/claimarc_venv/bin/python -m models.train --dataset /root/CLEAR_run/data/arguments_only/dataset_arguments_only_20260722.jsonl --tag racl_nf_racl_legacy_l050_t007 --seed 1 --warmup 3 --cl_epochs 6 --bs 12 --accum 3 --loss bce --lambda_cl 0.5 --tau 0.07 --Kp 3 --Kn 5 --encoder_name /root/modelscope_cache/AI-ModelScope/bge-large-zh-v1___5 --enc_train full --lr 1e-5 --cl_no_attr_block --cl_class_balanced --evidence_policy args_only --validation_only --no_fusion
[RUN ] racl_tune racl_nf_racl_legacy_l050_t007_s2: /root/claimarc_venv/bin/python -m models.train --dataset /root/CLEAR_run/data/arguments_only/dataset_arguments_only_20260722.jsonl --tag racl_nf_racl_legacy_l050_t007 --seed 2 --warmup 3 --cl_epochs 6 --bs 12 --accum 3 --loss bce --lambda_cl 0.5 --tau 0.07 --Kp 3 --Kn 5 --encoder_name /root/modelscope_cache/AI-ModelScope/bge-large-zh-v1___5 --enc_train full --lr 1e-5 --cl_no_attr_block --cl_class_balanced --evidence_policy args_only --validation_only --no_fusion
[RUN ] racl_tune racl_nf_racl_selfx_l020_t010_s0: /root/claimarc_venv/bin/python -m models.train --dataset /root/CLEAR_run/data/arguments_only/dataset_arguments_only_20260722.jsonl --tag racl_nf_racl_selfx_l020_t010 --seed 0 --warmup 3 --cl_epochs 6 --bs 12 --accum 3 --loss bce --lambda_cl 0.2 --tau 0.1 --Kp 3 --Kn 5 --encoder_name /root/modelscope_cache/AI-ModelScope/bge-large-zh-v1___5 --enc_train full --lr 1e-5 --cl_no_attr_block --cl_class_balanced --evidence_policy args_only --validation_only --no_fusion --cl_exclude_self
[RUN ] racl_tune racl_nf_racl_selfx_l020_t010_s1: /root/claimarc_venv/bin/python -m models.train --dataset /root/CLEAR_run/data/arguments_only/dataset_arguments_only_20260722.jsonl --tag racl_nf_racl_selfx_l020_t010 --seed 1 --warmup 3 --cl_epochs 6 --bs 12 --accum 3 --loss bce --lambda_cl 0.2 --tau 0.1 --Kp 3 --Kn 5 --encoder_name /root/modelscope_cache/AI-ModelScope/bge-large-zh-v1___5 --enc_train full --lr 1e-5 --cl_no_attr_block --cl_class_balanced --evidence_policy args_only --validation_only --no_fusion --cl_exclude_self
[RUN ] racl_tune racl_nf_racl_selfx_l020_t010_s2: /root/claimarc_venv/bin/python -m models.train --dataset /root/CLEAR_run/data/arguments_only/dataset_arguments_only_20260722.jsonl --tag racl_nf_racl_selfx_l020_t010 --seed 2 --warmup 3 --cl_epochs 6 --bs 12 --accum 3 --loss bce --lambda_cl 0.2 --tau 0.1 --Kp 3 --Kn 5 --encoder_name /root/modelscope_cache/AI-ModelScope/bge-large-zh-v1___5 --enc_train full --lr 1e-5 --cl_no_attr_block --cl_class_balanced --evidence_policy args_only --validation_only --no_fusion --cl_exclude_self
[RUN ] racl_tune racl_nf_racl_selfx_l010_t010_s0: /root/claimarc_venv/bin/python -m models.train --dataset /root/CLEAR_run/data/arguments_only/dataset_arguments_only_20260722.jsonl --tag racl_nf_racl_selfx_l010_t010 --seed 0 --warmup 3 --cl_epochs 6 --bs 12 --accum 3 --loss bce --lambda_cl 0.1 --tau 0.1 --Kp 3 --Kn 5 --encoder_name /root/modelscope_cache/AI-ModelScope/bge-large-zh-v1___5 --enc_train full --lr 1e-5 --cl_no_attr_block --cl_class_balanced --evidence_policy args_only --validation_only --no_fusion --cl_exclude_self
[RUN ] racl_tune racl_nf_racl_selfx_l010_t010_s1: /root/claimarc_venv/bin/python -m models.train --dataset /root/CLEAR_run/data/arguments_only/dataset_arguments_only_20260722.jsonl --tag racl_nf_racl_selfx_l010_t010 --seed 1 --warmup 3 --cl_epochs 6 --bs 12 --accum 3 --loss bce --lambda_cl 0.1 --tau 0.1 --Kp 3 --Kn 5 --encoder_name /root/modelscope_cache/AI-ModelScope/bge-large-zh-v1___5 --enc_train full --lr 1e-5 --cl_no_attr_block --cl_class_balanced --evidence_policy args_only --validation_only --no_fusion --cl_exclude_self
[RUN ] racl_tune racl_nf_racl_selfx_l010_t010_s2: /root/claimarc_venv/bin/python -m models.train --dataset /root/CLEAR_run/data/arguments_only/dataset_arguments_only_20260722.jsonl --tag racl_nf_racl_selfx_l010_t010 --seed 2 --warmup 3 --cl_epochs 6 --bs 12 --accum 3 --loss bce --lambda_cl 0.1 --tau 0.1 --Kp 3 --Kn 5 --encoder_name /root/modelscope_cache/AI-ModelScope/bge-large-zh-v1___5 --enc_train full --lr 1e-5 --cl_no_attr_block --cl_class_balanced --evidence_policy args_only --validation_only --no_fusion --cl_exclude_self
[RUN ] racl_tune racl_nf_racl_selfx_l010_t010_k5_10_s0: /root/claimarc_venv/bin/python -m models.train --dataset /root/CLEAR_run/data/arguments_only/dataset_arguments_only_20260722.jsonl --tag racl_nf_racl_selfx_l010_t010_k5_10 --seed 0 --warmup 3 --cl_epochs 6 --bs 12 --accum 3 --loss bce --lambda_cl 0.1 --tau 0.1 --Kp 5 --Kn 10 --encoder_name /root/modelscope_cache/AI-ModelScope/bge-large-zh-v1___5 --enc_train full --lr 1e-5 --cl_no_attr_block --cl_class_balanced --evidence_policy args_only --validation_only --no_fusion --cl_exclude_self
[RUN ] racl_tune racl_nf_racl_selfx_l010_t010_k5_10_s1: /root/claimarc_venv/bin/python -m models.train --dataset /root/CLEAR_run/data/arguments_only/dataset_arguments_only_20260722.jsonl --tag racl_nf_racl_selfx_l010_t010_k5_10 --seed 1 --warmup 3 --cl_epochs 6 --bs 12 --accum 3 --loss bce --lambda_cl 0.1 --tau 0.1 --Kp 5 --Kn 10 --encoder_name /root/modelscope_cache/AI-ModelScope/bge-large-zh-v1___5 --enc_train full --lr 1e-5 --cl_no_attr_block --cl_class_balanced --evidence_policy args_only --validation_only --no_fusion --cl_exclude_self
[RUN ] racl_tune racl_nf_racl_selfx_l010_t010_k5_10_s2: /root/claimarc_venv/bin/python -m models.train --dataset /root/CLEAR_run/data/arguments_only/dataset_arguments_only_20260722.jsonl --tag racl_nf_racl_selfx_l010_t010_k5_10 --seed 2 --warmup 3 --cl_epochs 6 --bs 12 --accum 3 --loss bce --lambda_cl 0.1 --tau 0.1 --Kp 5 --Kn 10 --encoder_name /root/modelscope_cache/AI-ModelScope/bge-large-zh-v1___5 --enc_train full --lr 1e-5 --cl_no_attr_block --cl_class_balanced --evidence_policy args_only --validation_only --no_fusion --cl_exclude_self
[RUN ] racl_tune racl_nf_racl_selfx_l010_t010_c020_s0: /root/claimarc_venv/bin/python -m models.train --dataset /root/CLEAR_run/data/arguments_only/dataset_arguments_only_20260722.jsonl --tag racl_nf_racl_selfx_l010_t010_c020 --seed 0 --warmup 3 --cl_epochs 6 --bs 12 --accum 3 --loss bce --lambda_cl 0.1 --tau 0.1 --Kp 3 --Kn 5 --encoder_name /root/modelscope_cache/AI-ModelScope/bge-large-zh-v1___5 --enc_train full --lr 1e-5 --cl_no_attr_block --cl_class_balanced --evidence_policy args_only --validation_only --no_fusion --cl_exclude_self --cl_c_min 0.2 --cl_neg_c_min 0.2
[RUN ] racl_tune racl_nf_racl_selfx_l010_t010_c020_s1: /root/claimarc_venv/bin/python -m models.train --dataset /root/CLEAR_run/data/arguments_only/dataset_arguments_only_20260722.jsonl --tag racl_nf_racl_selfx_l010_t010_c020 --seed 1 --warmup 3 --cl_epochs 6 --bs 12 --accum 3 --loss bce --lambda_cl 0.1 --tau 0.1 --Kp 3 --Kn 5 --encoder_name /root/modelscope_cache/AI-ModelScope/bge-large-zh-v1___5 --enc_train full --lr 1e-5 --cl_no_attr_block --cl_class_balanced --evidence_policy args_only --validation_only --no_fusion --cl_exclude_self --cl_c_min 0.2 --cl_neg_c_min 0.2
[RUN ] racl_tune racl_nf_racl_selfx_l010_t010_c020_s2: /root/claimarc_venv/bin/python -m models.train --dataset /root/CLEAR_run/data/arguments_only/dataset_arguments_only_20260722.jsonl --tag racl_nf_racl_selfx_l010_t010_c020 --seed 2 --warmup 3 --cl_epochs 6 --bs 12 --accum 3 --loss bce --lambda_cl 0.1 --tau 0.1 --Kp 3 --Kn 5 --encoder_name /root/modelscope_cache/AI-ModelScope/bge-large-zh-v1___5 --enc_train full --lr 1e-5 --cl_no_attr_block --cl_class_balanced --evidence_policy args_only --validation_only --no_fusion --cl_exclude_self --cl_c_min 0.2 --cl_neg_c_min 0.2
[RUN ] racl_tune select_racl_no_fusion: /root/claimarc_venv/bin/python /root/CLEAR_run/scripts/select_racl_no_fusion.py --config /root/CLEAR_run/configs/racl_no_fusion_tuning.json --result-root /root/CLEAR_run/results/arguments_only_no_fusion_racl_tune --output /root/CLEAR_run/results/arguments_only_no_fusion_racl_tune/racl_no_fusion_selection.json
[1/19] run racl_nf_no_racl_s0
[2/19] run racl_nf_no_racl_s1
[3/19] run racl_nf_no_racl_s2
[4/19] run racl_nf_racl_legacy_l050_t007_s0
[5/19] run racl_nf_racl_legacy_l050_t007_s1
[6/19] run racl_nf_racl_legacy_l050_t007_s2
[7/19] run racl_nf_racl_selfx_l020_t010_s0
[8/19] run racl_nf_racl_selfx_l020_t010_s1
[9/19] run racl_nf_racl_selfx_l020_t010_s2
[10/19] run racl_nf_racl_selfx_l010_t010_s0
[11/19] run racl_nf_racl_selfx_l010_t010_s1
[12/19] run racl_nf_racl_selfx_l010_t010_s2
[13/19] run racl_nf_racl_selfx_l010_t010_k5_10_s0
[14/19] run racl_nf_racl_selfx_l010_t010_k5_10_s1
[15/19] run racl_nf_racl_selfx_l010_t010_k5_10_s2
[16/19] run racl_nf_racl_selfx_l010_t010_c020_s0
[17/19] run racl_nf_racl_selfx_l010_t010_c020_s1
[18/19] run racl_nf_racl_selfx_l010_t010_c020_s2
[19/19] run select_racl_no_fusion
