Frozen dataset: /root/CLEAR_run/data/arguments_only/dataset_arguments_only_20260722.jsonl
Evidence policy: args_only (generated supporting/refuting/gap arguments only; raw sources hidden)
Jobs selected: 13
[RUN ] fusion_tune fusion_v2_n1_d020_lr5e5_s0: /root/claimarc_venv/bin/python -m models.train --dataset /root/CLEAR_run/data/arguments_only/dataset_arguments_only_20260722.jsonl --tag fusion_v2_n1_d020_lr5e5 --seed 0 --warmup 3 --cl_epochs 6 --bs 12 --accum 3 --loss bce --lambda_cl 0.5 --tau 0.07 --Kp 3 --Kn 5 --encoder_name /root/modelscope_cache/AI-ModelScope/bge-large-zh-v1___5 --enc_train full --lr 1e-5 --cl_no_attr_block --cl_class_balanced --evidence_policy args_only --validation_only --n_fusion 1 --heads 8 --fusion_dropout 0.2 --lr_fusion 5e-05
[RUN ] fusion_tune fusion_v2_n1_d020_lr5e5_s1: /root/claimarc_venv/bin/python -m models.train --dataset /root/CLEAR_run/data/arguments_only/dataset_arguments_only_20260722.jsonl --tag fusion_v2_n1_d020_lr5e5 --seed 1 --warmup 3 --cl_epochs 6 --bs 12 --accum 3 --loss bce --lambda_cl 0.5 --tau 0.07 --Kp 3 --Kn 5 --encoder_name /root/modelscope_cache/AI-ModelScope/bge-large-zh-v1___5 --enc_train full --lr 1e-5 --cl_no_attr_block --cl_class_balanced --evidence_policy args_only --validation_only --n_fusion 1 --heads 8 --fusion_dropout 0.2 --lr_fusion 5e-05
[RUN ] fusion_tune fusion_v2_n1_d020_lr5e5_s2: /root/claimarc_venv/bin/python -m models.train --dataset /root/CLEAR_run/data/arguments_only/dataset_arguments_only_20260722.jsonl --tag fusion_v2_n1_d020_lr5e5 --seed 2 --warmup 3 --cl_epochs 6 --bs 12 --accum 3 --loss bce --lambda_cl 0.5 --tau 0.07 --Kp 3 --Kn 5 --encoder_name /root/modelscope_cache/AI-ModelScope/bge-large-zh-v1___5 --enc_train full --lr 1e-5 --cl_no_attr_block --cl_class_balanced --evidence_policy args_only --validation_only --n_fusion 1 --heads 8 --fusion_dropout 0.2 --lr_fusion 5e-05
[RUN ] fusion_tune fusion_v2_n1_d030_lr5e5_s0: /root/claimarc_venv/bin/python -m models.train --dataset /root/CLEAR_run/data/arguments_only/dataset_arguments_only_20260722.jsonl --tag fusion_v2_n1_d030_lr5e5 --seed 0 --warmup 3 --cl_epochs 6 --bs 12 --accum 3 --loss bce --lambda_cl 0.5 --tau 0.07 --Kp 3 --Kn 5 --encoder_name /root/modelscope_cache/AI-ModelScope/bge-large-zh-v1___5 --enc_train full --lr 1e-5 --cl_no_attr_block --cl_class_balanced --evidence_policy args_only --validation_only --n_fusion 1 --heads 8 --fusion_dropout 0.3 --lr_fusion 5e-05
[RUN ] fusion_tune fusion_v2_n1_d030_lr5e5_s1: /root/claimarc_venv/bin/python -m models.train --dataset /root/CLEAR_run/data/arguments_only/dataset_arguments_only_20260722.jsonl --tag fusion_v2_n1_d030_lr5e5 --seed 1 --warmup 3 --cl_epochs 6 --bs 12 --accum 3 --loss bce --lambda_cl 0.5 --tau 0.07 --Kp 3 --Kn 5 --encoder_name /root/modelscope_cache/AI-ModelScope/bge-large-zh-v1___5 --enc_train full --lr 1e-5 --cl_no_attr_block --cl_class_balanced --evidence_policy args_only --validation_only --n_fusion 1 --heads 8 --fusion_dropout 0.3 --lr_fusion 5e-05
[RUN ] fusion_tune fusion_v2_n1_d030_lr5e5_s2: /root/claimarc_venv/bin/python -m models.train --dataset /root/CLEAR_run/data/arguments_only/dataset_arguments_only_20260722.jsonl --tag fusion_v2_n1_d030_lr5e5 --seed 2 --warmup 3 --cl_epochs 6 --bs 12 --accum 3 --loss bce --lambda_cl 0.5 --tau 0.07 --Kp 3 --Kn 5 --encoder_name /root/modelscope_cache/AI-ModelScope/bge-large-zh-v1___5 --enc_train full --lr 1e-5 --cl_no_attr_block --cl_class_balanced --evidence_policy args_only --validation_only --n_fusion 1 --heads 8 --fusion_dropout 0.3 --lr_fusion 5e-05
[RUN ] fusion_tune fusion_v2_n2_d030_lr5e5_s0: /root/claimarc_venv/bin/python -m models.train --dataset /root/CLEAR_run/data/arguments_only/dataset_arguments_only_20260722.jsonl --tag fusion_v2_n2_d030_lr5e5 --seed 0 --warmup 3 --cl_epochs 6 --bs 12 --accum 3 --loss bce --lambda_cl 0.5 --tau 0.07 --Kp 3 --Kn 5 --encoder_name /root/modelscope_cache/AI-ModelScope/bge-large-zh-v1___5 --enc_train full --lr 1e-5 --cl_no_attr_block --cl_class_balanced --evidence_policy args_only --validation_only --n_fusion 2 --heads 8 --fusion_dropout 0.3 --lr_fusion 5e-05
[RUN ] fusion_tune fusion_v2_n2_d030_lr5e5_s1: /root/claimarc_venv/bin/python -m models.train --dataset /root/CLEAR_run/data/arguments_only/dataset_arguments_only_20260722.jsonl --tag fusion_v2_n2_d030_lr5e5 --seed 1 --warmup 3 --cl_epochs 6 --bs 12 --accum 3 --loss bce --lambda_cl 0.5 --tau 0.07 --Kp 3 --Kn 5 --encoder_name /root/modelscope_cache/AI-ModelScope/bge-large-zh-v1___5 --enc_train full --lr 1e-5 --cl_no_attr_block --cl_class_balanced --evidence_policy args_only --validation_only --n_fusion 2 --heads 8 --fusion_dropout 0.3 --lr_fusion 5e-05
[RUN ] fusion_tune fusion_v2_n2_d030_lr5e5_s2: /root/claimarc_venv/bin/python -m models.train --dataset /root/CLEAR_run/data/arguments_only/dataset_arguments_only_20260722.jsonl --tag fusion_v2_n2_d030_lr5e5 --seed 2 --warmup 3 --cl_epochs 6 --bs 12 --accum 3 --loss bce --lambda_cl 0.5 --tau 0.07 --Kp 3 --Kn 5 --encoder_name /root/modelscope_cache/AI-ModelScope/bge-large-zh-v1___5 --enc_train full --lr 1e-5 --cl_no_attr_block --cl_class_balanced --evidence_policy args_only --validation_only --n_fusion 2 --heads 8 --fusion_dropout 0.3 --lr_fusion 5e-05
[RUN ] fusion_tune fusion_v2_control_n2_d020_lr1e4_s0: /root/claimarc_venv/bin/python -m models.train --dataset /root/CLEAR_run/data/arguments_only/dataset_arguments_only_20260722.jsonl --tag fusion_v2_control_n2_d020_lr1e4 --seed 0 --warmup 3 --cl_epochs 6 --bs 12 --accum 3 --loss bce --lambda_cl 0.5 --tau 0.07 --Kp 3 --Kn 5 --encoder_name /root/modelscope_cache/AI-ModelScope/bge-large-zh-v1___5 --enc_train full --lr 1e-5 --cl_no_attr_block --cl_class_balanced --evidence_policy args_only --validation_only --n_fusion 2 --heads 8 --fusion_dropout 0.2 --lr_fusion 0.0001
[RUN ] fusion_tune fusion_v2_control_n2_d020_lr1e4_s1: /root/claimarc_venv/bin/python -m models.train --dataset /root/CLEAR_run/data/arguments_only/dataset_arguments_only_20260722.jsonl --tag fusion_v2_control_n2_d020_lr1e4 --seed 1 --warmup 3 --cl_epochs 6 --bs 12 --accum 3 --loss bce --lambda_cl 0.5 --tau 0.07 --Kp 3 --Kn 5 --encoder_name /root/modelscope_cache/AI-ModelScope/bge-large-zh-v1___5 --enc_train full --lr 1e-5 --cl_no_attr_block --cl_class_balanced --evidence_policy args_only --validation_only --n_fusion 2 --heads 8 --fusion_dropout 0.2 --lr_fusion 0.0001
[RUN ] fusion_tune fusion_v2_control_n2_d020_lr1e4_s2: /root/claimarc_venv/bin/python -m models.train --dataset /root/CLEAR_run/data/arguments_only/dataset_arguments_only_20260722.jsonl --tag fusion_v2_control_n2_d020_lr1e4 --seed 2 --warmup 3 --cl_epochs 6 --bs 12 --accum 3 --loss bce --lambda_cl 0.5 --tau 0.07 --Kp 3 --Kn 5 --encoder_name /root/modelscope_cache/AI-ModelScope/bge-large-zh-v1___5 --enc_train full --lr 1e-5 --cl_no_attr_block --cl_class_balanced --evidence_policy args_only --validation_only --n_fusion 2 --heads 8 --fusion_dropout 0.2 --lr_fusion 0.0001
[RUN ] fusion_tune select_fusion_v2: /root/claimarc_venv/bin/python /root/CLEAR_run/scripts/select_fusion_v2.py --config /root/CLEAR_run/configs/fusion_v2_tuning.json --result-root /root/CLEAR_run/results/arguments_only_fusion_v2 --output /root/CLEAR_run/results/arguments_only_fusion_v2/fusion_v2_selection.json
[1/13] run fusion_v2_n1_d020_lr5e5_s0
[2/13] run fusion_v2_n1_d020_lr5e5_s1
[3/13] run fusion_v2_n1_d020_lr5e5_s2
[4/13] run fusion_v2_n1_d030_lr5e5_s0
[5/13] run fusion_v2_n1_d030_lr5e5_s1
[6/13] run fusion_v2_n1_d030_lr5e5_s2
[7/13] run fusion_v2_n2_d030_lr5e5_s0
[8/13] run fusion_v2_n2_d030_lr5e5_s1
[9/13] run fusion_v2_n2_d030_lr5e5_s2
[10/13] run fusion_v2_control_n2_d020_lr1e4_s0
[11/13] run fusion_v2_control_n2_d020_lr1e4_s1
[12/13] run fusion_v2_control_n2_d020_lr1e4_s2
[13/13] run select_fusion_v2
