2026-07-21 21:27:30,036 - modelscope - INFO - PyTorch version 2.0.0 Found.
2026-07-21 21:27:30,037 - modelscope - INFO - Loading ast index from /root/modelscope_cache/ast_indexer
2026-07-21 21:27:30,080 - modelscope - INFO - Loading done! Current index file version is 1.14.0, with md5 428e0e3ddcf0c1d933f5020bad86f8e9 and a total number of 976 components indexed

Downloading:   0%|          | 0.00/686 [00:00<?, ?B/s]
Downloading: 100%|██████████| 686/686 [00:00<00:00, 150kB/s]

Downloading:   0%|          | 0.00/2.00 [00:00<?, ?B/s]
Downloading: 100%|██████████| 2.00/2.00 [00:00<00:00, 502B/s]

Downloading:   0%|          | 0.00/138 [00:00<?, ?B/s]
Downloading: 100%|██████████| 138/138 [00:00<00:00, 67.8kB/s]

Downloading:   0%|          | 0.00/11.1k [00:00<?, ?B/s]
Downloading: 100%|██████████| 11.1k/11.1k [00:00<00:00, 5.02MB/s]

Downloading:   0%|          | 0.00/1.59M [00:00<?, ?B/s]
Downloading: 100%|██████████| 1.59M/1.59M [00:00<00:00, 5.31MB/s]
Downloading: 100%|██████████| 1.59M/1.59M [00:00<00:00, 5.29MB/s]

Downloading:   0%|          | 0.00/3.67G [00:00<?, ?B/s]
Downloading:   4%|▍         | 160M/3.67G [00:12<04:41, 13.4MB/s]
Downloading:   9%|▊         | 320M/3.67G [00:25<04:39, 12.9MB/s]
Downloading:  13%|█▎        | 480M/3.67G [00:27<02:38, 21.7MB/s]
Downloading:  17%|█▋        | 640M/3.67G [00:28<01:41, 32.4MB/s]
Downloading:  21%|██▏       | 800M/3.67G [00:29<01:09, 44.9MB/s]
Downloading:  26%|██▌       | 960M/3.67G [00:47<02:29, 19.6MB/s]
Downloading:  30%|██▉       | 1.09G/3.67G [00:48<01:37, 28.4MB/s]
Downloading:  30%|██▉       | 1.09G/3.67G [00:58<01:37, 28.4MB/s]
Downloading:  34%|███▍      | 1.25G/3.67G [01:05<02:30, 17.3MB/s]
Downloading:  38%|███▊      | 1.41G/3.67G [01:07<01:42, 23.9MB/s]
Downloading:  38%|███▊      | 1.41G/3.67G [01:18<01:42, 23.9MB/s]
Downloading:  43%|████▎     | 1.56G/3.67G [01:25<02:24, 15.7MB/s]
Downloading:  47%|████▋     | 1.72G/3.67G [01:38<02:13, 15.7MB/s]
Downloading:  51%|█████     | 1.87G/3.67G [01:40<01:44, 18.5MB/s]
Downloading:  55%|█████▌    | 2.03G/3.67G [01:42<01:16, 23.0MB/s]
Downloading:  55%|█████▌    | 2.03G/3.67G [01:58<01:16, 23.0MB/s]
Downloading:  60%|█████▉    | 2.19G/3.67G [02:02<01:42, 15.6MB/s]
Downloading:  64%|██████▍   | 2.34G/3.67G [02:03<01:07, 21.0MB/s]
Downloading:  68%|██████▊   | 2.50G/3.67G [02:09<00:55, 22.8MB/s]
Downloading:  72%|███████▏  | 2.66G/3.67G [02:09<00:34, 31.3MB/s]
Downloading:  77%|███████▋  | 2.81G/3.67G [02:20<00:38, 24.0MB/s]
Downloading:  81%|████████  | 2.97G/3.67G [02:23<00:26, 28.3MB/s]
Downloading:  85%|████████▌ | 3.12G/3.67G [02:27<00:17, 32.8MB/s]
Downloading:  89%|████████▉ | 3.28G/3.67G [02:29<00:11, 38.0MB/s]
Downloading:  91%|█████████▏| 3.36G/3.67G [02:34<00:10, 31.9MB/s]
Downloading:  96%|█████████▌| 3.52G/3.67G [02:40<00:05, 30.7MB/s]
Downloading: 100%|█████████▉| 3.67G/3.67G [02:42<00:00, 37.8MB/s]
Downloading: 100%|█████████▉| 3.67G/3.67G [02:42<00:00, 24.2MB/s]

Downloading:   0%|          | 0.00/3.60G [00:00<?, ?B/s]
Downloading:   4%|▍         | 160M/3.60G [00:18<06:47, 9.08MB/s]
Downloading:   9%|▊         | 320M/3.60G [00:19<02:50, 20.7MB/s]
Downloading:  17%|█▋        | 640M/3.60G [00:19<00:59, 53.8MB/s]
Downloading:  17%|█▋        | 640M/3.60G [00:32<00:59, 53.8MB/s]
Downloading:  22%|██▏       | 800M/3.60G [00:37<02:17, 22.1MB/s]
Downloading:  26%|██▌       | 960M/3.60G [00:37<01:33, 30.6MB/s]
Downloading:  30%|███       | 1.09G/3.60G [00:38<01:03, 42.4MB/s]
Downloading:  35%|███▍      | 1.25G/3.60G [00:39<00:45, 55.6MB/s]
Downloading:  35%|███▍      | 1.25G/3.60G [00:52<00:45, 55.6MB/s]
Downloading:  39%|███▉      | 1.41G/3.60G [01:12<02:52, 13.7MB/s]
Downloading:  43%|████▎     | 1.56G/3.60G [01:13<01:54, 19.1MB/s]
Downloading:  48%|████▊     | 1.72G/3.60G [01:13<01:14, 27.1MB/s]
Downloading:  52%|█████▏    | 1.87G/3.60G [01:16<00:57, 32.1MB/s]
Downloading:  56%|█████▋    | 2.03G/3.60G [01:31<01:21, 20.6MB/s]
Downloading:  61%|██████    | 2.19G/3.60G [01:40<01:15, 20.1MB/s]
Downloading:  65%|██████▌   | 2.34G/3.60G [01:46<01:00, 22.3MB/s]
Downloading:  69%|██████▉   | 2.50G/3.60G [01:46<00:38, 30.9MB/s]
Downloading:  74%|███████▍  | 2.66G/3.60G [01:57<00:43, 23.3MB/s]
Downloading:  78%|███████▊  | 2.81G/3.60G [02:02<00:32, 26.4MB/s]
Downloading:  82%|████████▏ | 2.97G/3.60G [02:08<00:25, 26.7MB/s]
Downloading:  87%|████████▋ | 3.12G/3.60G [02:09<00:14, 34.7MB/s]
Downloading:  87%|████████▋ | 3.13G/3.60G [02:22<00:14, 34.7MB/s]
Downloading:  91%|█████████▏| 3.29G/3.60G [02:23<00:14, 22.7MB/s]
Downloading:  96%|█████████▌| 3.44G/3.60G [02:24<00:05, 31.2MB/s]
Downloading: 100%|█████████▉| 3.60G/3.60G [02:30<00:00, 29.9MB/s]
Downloading: 100%|█████████▉| 3.60G/3.60G [02:30<00:00, 25.7MB/s]

Downloading:   0%|          | 0.00/3.60G [00:00<?, ?B/s]
Downloading:   4%|▍         | 160M/3.60G [00:16<06:09, 9.99MB/s]
Downloading:   9%|▊         | 320M/3.60G [00:18<02:45, 21.3MB/s]
Downloading:  13%|█▎        | 480M/3.60G [00:18<01:30, 37.3MB/s]
Downloading:  17%|█▋        | 640M/3.60G [00:22<01:18, 40.8MB/s]
Downloading:  22%|██▏       | 800M/3.60G [00:29<01:30, 33.3MB/s]
Downloading:  26%|██▌       | 960M/3.60G [00:39<01:54, 25.0MB/s]
Downloading:  30%|███       | 1.09G/3.60G [00:44<01:43, 26.0MB/s]
Downloading:  35%|███▍      | 1.25G/3.60G [00:46<01:15, 33.5MB/s]
Downloading:  39%|███▉      | 1.41G/3.60G [00:47<00:52, 45.1MB/s]
Downloading:  43%|████▎     | 1.56G/3.60G [00:53<00:57, 38.1MB/s]
Downloading:  48%|████▊     | 1.72G/3.60G [01:02<01:07, 30.0MB/s]
Downloading:  52%|█████▏    | 1.87G/3.60G [01:04<00:51, 36.1MB/s]
Downloading:  56%|█████▋    | 2.03G/3.60G [01:13<00:58, 28.8MB/s]
Downloading:  61%|██████    | 2.19G/3.60G [01:13<00:39, 38.6MB/s]
Downloading:  65%|██████▌   | 2.34G/3.60G [01:18<00:35, 37.9MB/s]
Downloading:  69%|██████▉   | 2.50G/3.60G [01:19<00:24, 48.6MB/s]
Downloading:  74%|███████▍  | 2.66G/3.60G [01:31<00:35, 28.2MB/s]
Downloading:  78%|███████▊  | 2.81G/3.60G [01:35<00:26, 31.8MB/s]
Downloading:  82%|████████▏ | 2.97G/3.60G [01:35<00:15, 42.9MB/s]
Downloading:  87%|████████▋ | 3.12G/3.60G [01:41<00:13, 37.4MB/s]
Downloading:  91%|█████████▏| 3.29G/3.60G [01:58<00:16, 20.9MB/s]
Downloading:  96%|█████████▌| 3.44G/3.60G [02:03<00:07, 23.8MB/s]
Downloading: 100%|█████████▉| 3.60G/3.60G [02:04<00:00, 31.6MB/s]
Downloading: 100%|█████████▉| 3.60G/3.60G [02:04<00:00, 31.1MB/s]

Downloading:   0%|          | 0.00/3.31G [00:00<?, ?B/s]
Downloading:   5%|▍         | 160M/3.31G [00:18<06:09, 9.18MB/s]
Downloading:  14%|█▍        | 480M/3.31G [00:18<01:30, 33.7MB/s]
Downloading:  19%|█▉        | 640M/3.31G [00:21<01:12, 39.9MB/s]
Downloading:  19%|█▉        | 640M/3.31G [00:32<01:12, 39.9MB/s]
Downloading:  24%|██▎       | 800M/3.31G [00:34<01:55, 23.5MB/s]
Downloading:  28%|██▊       | 960M/3.31G [00:35<01:16, 33.5MB/s]
Downloading:  33%|███▎      | 1.09G/3.31G [00:39<01:07, 35.4MB/s]
Downloading:  38%|███▊      | 1.25G/3.31G [00:42<00:54, 40.5MB/s]
Downloading:  42%|████▏     | 1.41G/3.31G [00:46<00:52, 39.1MB/s]
Downloading:  42%|████▏     | 1.41G/3.31G [01:02<00:52, 39.1MB/s]
Downloading:  47%|████▋     | 1.56G/3.31G [01:08<01:45, 17.7MB/s]
