Frozen dataset: /root/CLEAR_run/data/arguments_only/dataset_arguments_only_20260722.jsonl
Evidence policy: args_only (generated supporting/refuting/gap arguments only; raw sources hidden)
Jobs selected: 13
[RUN ] racl_tune racl_fg_no_racl_w3c6_s0: /root/claimarc_venv/bin/python -m models.train --dataset /root/CLEAR_run/data/arguments_only/dataset_arguments_only_20260722.jsonl --tag racl_fg_no_racl_w3c6 --seed 0 --warmup 3 --cl_epochs 6 --bs 12 --accum 3 --loss bce --lambda_cl 0.0 --tau 0.1 --Kp 3 --Kn 5 --encoder_name /root/modelscope_cache/AI-ModelScope/bge-large-zh-v1___5 --enc_train full --lr 1e-5 --cl_no_attr_block --cl_class_balanced --evidence_policy args_only --n_fusion 1 --heads 8 --fusion_dropout 0.2 --lr_fusion 5e-05 --validation_only --no_cl
[RUN ] racl_tune racl_fg_no_racl_w3c6_s1: /root/claimarc_venv/bin/python -m models.train --dataset /root/CLEAR_run/data/arguments_only/dataset_arguments_only_20260722.jsonl --tag racl_fg_no_racl_w3c6 --seed 1 --warmup 3 --cl_epochs 6 --bs 12 --accum 3 --loss bce --lambda_cl 0.0 --tau 0.1 --Kp 3 --Kn 5 --encoder_name /root/modelscope_cache/AI-ModelScope/bge-large-zh-v1___5 --enc_train full --lr 1e-5 --cl_no_attr_block --cl_class_balanced --evidence_policy args_only --n_fusion 1 --heads 8 --fusion_dropout 0.2 --lr_fusion 5e-05 --validation_only --no_cl
[RUN ] racl_tune racl_fg_no_racl_w3c6_s2: /root/claimarc_venv/bin/python -m models.train --dataset /root/CLEAR_run/data/arguments_only/dataset_arguments_only_20260722.jsonl --tag racl_fg_no_racl_w3c6 --seed 2 --warmup 3 --cl_epochs 6 --bs 12 --accum 3 --loss bce --lambda_cl 0.0 --tau 0.1 --Kp 3 --Kn 5 --encoder_name /root/modelscope_cache/AI-ModelScope/bge-large-zh-v1___5 --enc_train full --lr 1e-5 --cl_no_attr_block --cl_class_balanced --evidence_policy args_only --n_fusion 1 --heads 8 --fusion_dropout 0.2 --lr_fusion 5e-05 --validation_only --no_cl
[RUN ] racl_tune racl_fg_global_selfx_l010_t010_k3_5_w3c6_s0: /root/claimarc_venv/bin/python -m models.train --dataset /root/CLEAR_run/data/arguments_only/dataset_arguments_only_20260722.jsonl --tag racl_fg_global_selfx_l010_t010_k3_5_w3c6 --seed 0 --warmup 3 --cl_epochs 6 --bs 12 --accum 3 --loss bce --lambda_cl 0.1 --tau 0.1 --Kp 3 --Kn 5 --encoder_name /root/modelscope_cache/AI-ModelScope/bge-large-zh-v1___5 --enc_train full --lr 1e-5 --cl_no_attr_block --cl_class_balanced --evidence_policy args_only --n_fusion 1 --heads 8 --fusion_dropout 0.2 --lr_fusion 5e-05 --validation_only --cl_exclude_self
[RUN ] racl_tune racl_fg_global_selfx_l010_t010_k3_5_w3c6_s1: /root/claimarc_venv/bin/python -m models.train --dataset /root/CLEAR_run/data/arguments_only/dataset_arguments_only_20260722.jsonl --tag racl_fg_global_selfx_l010_t010_k3_5_w3c6 --seed 1 --warmup 3 --cl_epochs 6 --bs 12 --accum 3 --loss bce --lambda_cl 0.1 --tau 0.1 --Kp 3 --Kn 5 --encoder_name /root/modelscope_cache/AI-ModelScope/bge-large-zh-v1___5 --enc_train full --lr 1e-5 --cl_no_attr_block --cl_class_balanced --evidence_policy args_only --n_fusion 1 --heads 8 --fusion_dropout 0.2 --lr_fusion 5e-05 --validation_only --cl_exclude_self
[RUN ] racl_tune racl_fg_global_selfx_l010_t010_k3_5_w3c6_s2: /root/claimarc_venv/bin/python -m models.train --dataset /root/CLEAR_run/data/arguments_only/dataset_arguments_only_20260722.jsonl --tag racl_fg_global_selfx_l010_t010_k3_5_w3c6 --seed 2 --warmup 3 --cl_epochs 6 --bs 12 --accum 3 --loss bce --lambda_cl 0.1 --tau 0.1 --Kp 3 --Kn 5 --encoder_name /root/modelscope_cache/AI-ModelScope/bge-large-zh-v1___5 --enc_train full --lr 1e-5 --cl_no_attr_block --cl_class_balanced --evidence_policy args_only --n_fusion 1 --heads 8 --fusion_dropout 0.2 --lr_fusion 5e-05 --validation_only --cl_exclude_self
[RUN ] racl_tune racl_fg_global_selfx_l010_t010_k3_5_w2c4_s0: /root/claimarc_venv/bin/python -m models.train --dataset /root/CLEAR_run/data/arguments_only/dataset_arguments_only_20260722.jsonl --tag racl_fg_global_selfx_l010_t010_k3_5_w2c4 --seed 0 --warmup 2 --cl_epochs 4 --bs 12 --accum 3 --loss bce --lambda_cl 0.1 --tau 0.1 --Kp 3 --Kn 5 --encoder_name /root/modelscope_cache/AI-ModelScope/bge-large-zh-v1___5 --enc_train full --lr 1e-5 --cl_no_attr_block --cl_class_balanced --evidence_policy args_only --n_fusion 1 --heads 8 --fusion_dropout 0.2 --lr_fusion 5e-05 --validation_only --cl_exclude_self
[RUN ] racl_tune racl_fg_global_selfx_l010_t010_k3_5_w2c4_s1: /root/claimarc_venv/bin/python -m models.train --dataset /root/CLEAR_run/data/arguments_only/dataset_arguments_only_20260722.jsonl --tag racl_fg_global_selfx_l010_t010_k3_5_w2c4 --seed 1 --warmup 2 --cl_epochs 4 --bs 12 --accum 3 --loss bce --lambda_cl 0.1 --tau 0.1 --Kp 3 --Kn 5 --encoder_name /root/modelscope_cache/AI-ModelScope/bge-large-zh-v1___5 --enc_train full --lr 1e-5 --cl_no_attr_block --cl_class_balanced --evidence_policy args_only --n_fusion 1 --heads 8 --fusion_dropout 0.2 --lr_fusion 5e-05 --validation_only --cl_exclude_self
[RUN ] racl_tune racl_fg_global_selfx_l010_t010_k3_5_w2c4_s2: /root/claimarc_venv/bin/python -m models.train --dataset /root/CLEAR_run/data/arguments_only/dataset_arguments_only_20260722.jsonl --tag racl_fg_global_selfx_l010_t010_k3_5_w2c4 --seed 2 --warmup 2 --cl_epochs 4 --bs 12 --accum 3 --loss bce --lambda_cl 0.1 --tau 0.1 --Kp 3 --Kn 5 --encoder_name /root/modelscope_cache/AI-ModelScope/bge-large-zh-v1___5 --enc_train full --lr 1e-5 --cl_no_attr_block --cl_class_balanced --evidence_policy args_only --n_fusion 1 --heads 8 --fusion_dropout 0.2 --lr_fusion 5e-05 --validation_only --cl_exclude_self
[RUN ] racl_tune racl_fg_global_selfx_l005_t010_k1_5_w2c4_s0: /root/claimarc_venv/bin/python -m models.train --dataset /root/CLEAR_run/data/arguments_only/dataset_arguments_only_20260722.jsonl --tag racl_fg_global_selfx_l005_t010_k1_5_w2c4 --seed 0 --warmup 2 --cl_epochs 4 --bs 12 --accum 3 --loss bce --lambda_cl 0.05 --tau 0.1 --Kp 1 --Kn 5 --encoder_name /root/modelscope_cache/AI-ModelScope/bge-large-zh-v1___5 --enc_train full --lr 1e-5 --cl_no_attr_block --cl_class_balanced --evidence_policy args_only --n_fusion 1 --heads 8 --fusion_dropout 0.2 --lr_fusion 5e-05 --validation_only --cl_exclude_self
[RUN ] racl_tune racl_fg_global_selfx_l005_t010_k1_5_w2c4_s1: /root/claimarc_venv/bin/python -m models.train --dataset /root/CLEAR_run/data/arguments_only/dataset_arguments_only_20260722.jsonl --tag racl_fg_global_selfx_l005_t010_k1_5_w2c4 --seed 1 --warmup 2 --cl_epochs 4 --bs 12 --accum 3 --loss bce --lambda_cl 0.05 --tau 0.1 --Kp 1 --Kn 5 --encoder_name /root/modelscope_cache/AI-ModelScope/bge-large-zh-v1___5 --enc_train full --lr 1e-5 --cl_no_attr_block --cl_class_balanced --evidence_policy args_only --n_fusion 1 --heads 8 --fusion_dropout 0.2 --lr_fusion 5e-05 --validation_only --cl_exclude_self
[RUN ] racl_tune racl_fg_global_selfx_l005_t010_k1_5_w2c4_s2: /root/claimarc_venv/bin/python -m models.train --dataset /root/CLEAR_run/data/arguments_only/dataset_arguments_only_20260722.jsonl --tag racl_fg_global_selfx_l005_t010_k1_5_w2c4 --seed 2 --warmup 2 --cl_epochs 4 --bs 12 --accum 3 --loss bce --lambda_cl 0.05 --tau 0.1 --Kp 1 --Kn 5 --encoder_name /root/modelscope_cache/AI-ModelScope/bge-large-zh-v1___5 --enc_train full --lr 1e-5 --cl_no_attr_block --cl_class_balanced --evidence_policy args_only --n_fusion 1 --heads 8 --fusion_dropout 0.2 --lr_fusion 5e-05 --validation_only --cl_exclude_self
[RUN ] racl_tune select_racl_tuning: /root/claimarc_venv/bin/python /root/CLEAR_run/scripts/select_racl_no_fusion.py --config /root/CLEAR_run/configs/racl_locked_fusion_tuning.json --result-root /root/CLEAR_run/results/arguments_only_locked_fusion_global_racl_tune --output /root/CLEAR_run/results/arguments_only_locked_fusion_global_racl_tune/racl_locked_fusion_selection.json
[1/13] run racl_fg_no_racl_w3c6_s0
[2/13] run racl_fg_no_racl_w3c6_s1
[3/13] run racl_fg_no_racl_w3c6_s2
[4/13] run racl_fg_global_selfx_l010_t010_k3_5_w3c6_s0
[5/13] run racl_fg_global_selfx_l010_t010_k3_5_w3c6_s1
[6/13] run racl_fg_global_selfx_l010_t010_k3_5_w3c6_s2
[7/13] run racl_fg_global_selfx_l010_t010_k3_5_w2c4_s0
[8/13] run racl_fg_global_selfx_l010_t010_k3_5_w2c4_s1
[9/13] run racl_fg_global_selfx_l010_t010_k3_5_w2c4_s2
[10/13] run racl_fg_global_selfx_l005_t010_k1_5_w2c4_s0
[11/13] run racl_fg_global_selfx_l005_t010_k1_5_w2c4_s1
[12/13] run racl_fg_global_selfx_l005_t010_k1_5_w2c4_s2
[13/13] run select_racl_tuning
